Starting fixed AutoGluon Multimodal experiment...
                    Description             Value
0                    Session id                42
1                        Target          Response
2                   Target type            Binary
3           Original data shape        (1479, 22)
4        Transformed data shape        (1479, 22)
5   Transformed train set shape         (964, 22)
6    Transformed test set shape         (515, 22)
7              Numeric features                21
8                    Preprocess              True
9               Imputation type            simple
10           Numeric imputation              mean
11       Categorical imputation              mode
12               Fold Generator   StratifiedKFold
13                  Fold Number                10
14                     CPU Jobs                 1
15                      Use GPU             False
16               Log Experiment             False
17              Experiment Name  clf-default-name
18                          USI              8901
                                    Model  Accuracy     AUC  Recall   Prec.  \
lr                    Logistic Regression    0.7272  0.7070  0.2627  0.5582   
ridge                    Ridge Classifier    0.7251  0.0000  0.2485  0.5571   
lda          Linear Discriminant Analysis    0.7230  0.7102  0.2768  0.5453   
rf               Random Forest Classifier    0.7136  0.6700  0.3017  0.5107   
gbc          Gradient Boosting Classifier    0.7106  0.6753  0.2661  0.4911   
ada                  Ada Boost Classifier    0.7095  0.6817  0.2842  0.5158   
dummy                    Dummy Classifier    0.7075  0.5000  0.0000  0.0000   
et                 Extra Trees Classifier    0.7023  0.6569  0.3053  0.4842   
lightgbm  Light Gradient Boosting Machine    0.6929  0.6702  0.3583  0.4643   
xgboost         Extreme Gradient Boosting    0.6898  0.6497  0.3550  0.4512   
svm                   SVM - Linear Kernel    0.6887  0.0000  0.2643  0.4113   
knn                K Neighbors Classifier    0.6836  0.6133  0.2909  0.4335   
dt               Decision Tree Classifier    0.6380  0.5852  0.4576  0.3966   
qda       Quadratic Discriminant Analysis    0.4456  0.5538  0.6416  0.2954   
nb                            Naive Bayes    0.3868  0.6562  0.8655  0.3061   

              F1   Kappa     MCC  PR-AUC-Weighted  TT (Sec)  
lr        0.3527  0.2129  0.2364           0.5339     0.071  
ridge     0.3361  0.2004  0.2265           0.0000     0.013  
lda       0.3610  0.2128  0.2331           0.5346     0.016  
rf        0.3669  0.2058  0.2205           0.4813     0.139  
gbc       0.3368  0.1809  0.1942           0.5097     0.115  
ada       0.3566  0.1936  0.2107           0.4781     0.078  
dummy     0.0000  0.0000  0.0000           0.2925     0.012  
et        0.3648  0.1893  0.2001           0.4810     0.112  
lightgbm  0.3954  0.1990  0.2052           0.4798     0.041  
xgboost   0.3914  0.1916  0.1957           0.4697     0.091  
svm       0.2450  0.1321  0.1761           0.0000     0.016  
knn       0.3450  0.1497  0.1552           0.3982     0.096  
dt        0.4234  0.1623  0.1639           0.3481     0.016  
qda       0.3639  0.0043  0.0219           0.3326     0.015  
nb        0.4518  0.0354  0.0651           0.4664     0.014  
                 Model  ...  PR-AUC-Weighted
0  Logistic Regression  ...           0.5544

[1 rows x 9 columns]
WARNING: For shap='linear', shap interaction values can unfortunately not be calculated!
Note: model_output='probability' is currently not supported for linear classifiers models with shap. So defaulting to model_output='logodds' If you really need probability outputs use shap='kernel' instead.
Note: shap values for shap='linear' get calculated against X_background, but paramater X_background=None, so using X instead...
Generating self.shap_explainer = shap.LinearExplainer(model, X)...
Calculating liftcurve_dfs...
Calculating prediction probabilities...
Calculating shap values...
                    Description             Value
0                    Session id               123
1                        Target          Response
2                   Target type            Binary
3           Original data shape        (1479, 22)
4        Transformed data shape        (1479, 22)
5   Transformed train set shape        (1035, 22)
6    Transformed test set shape         (444, 22)
7              Numeric features                21
8                    Preprocess              True
9               Imputation type            simple
10           Numeric imputation              mean
11       Categorical imputation              mode
12               Fold Generator   StratifiedKFold
13                  Fold Number                10
14                     CPU Jobs                -1
15                      Use GPU             False
16               Log Experiment             False
17              Experiment Name  clf-default-name
18                          USI              25d1
Calculating permutation importances (if slow, try setting n_jobs parameter)...
