/home/4475918/.conda/envs/autogluon_env/lib/python3.10/site-packages/autogluon/multimodal/data/templates.py:16: UserWarning: pkg_resources is deprecated as an API. See https://setuptools.pypa.io/en/latest/pkg_resources.html. The pkg_resources package is slated for removal as early as 2025-11-30. Refrain from using this package or pin to Setuptools<81.
  import pkg_resources
11:32:43 | INFO | === AutoGluon Training Wrapper Started ===
11:32:43 | INFO | Working directory: /share/lab_goecks/paulo/head_and_neck/Multimodal_learner_Use_case/experiments/multimodal_learner_tool/ML_dataset_v2
11:32:43 | INFO | Command line: /share/lab_goecks/paulo/gleam/tools/multimodallearner/multimodal_learner.py --input_csv_train ../../multimodal_from_repo_noDrop_missing_img/batch_mm_results_experiment_MML/recurrence/experiment_MML/train_split.csv --input_csv_test ../../multimodal_from_repo_noDrop_missing_img/batch_mm_results_experiment_MML/recurrence/experiment_MML/test_split.csv --images_zip ../tma_cores_cd3_cd8.zip --target_column target --backbone_image caformer_b36.sail_in22k_ft_in1k --backbone_text google/electra-base-discriminator --missing_image_strategy false --preset medium_quality --eval_metric roc_auc --random_seed 42 --threshold 0.24 --deterministic
11:32:43 | INFO | Parsed args: {'train_dataset': '../../multimodal_from_repo_noDrop_missing_img/batch_mm_results_experiment_MML/recurrence/experiment_MML/train_split.csv', 'test_dataset': '../../multimodal_from_repo_noDrop_missing_img/batch_mm_results_experiment_MML/recurrence/experiment_MML/test_split.csv', 'target_column': 'target', 'output_json': 'results.json', 'output_html': 'report.html', 'output_config': None, 'images_zip': ['../tma_cores_cd3_cd8.zip'], 'missing_image_strategy': 'false', 'threshold': 0.24, 'time_limit': None, 'deterministic': True, 'random_seed': 42, 'cross_validation': 'false', 'num_folds': 5, 'epochs': None, 'learning_rate': None, 'batch_size': None, 'backbone_image': 'caformer_b36.sail_in22k_ft_in1k', 'backbone_text': 'google/electra-base-discriminator', 'validation_size': 0.2, 'split_probabilities': [0.7, 0.1, 0.2], 'preset': 'medium_quality', 'eval_metric': 'roc_auc', 'hyperparameters': None}
11:32:43 | INFO | Deterministic mode enabled (seed=42)
11:32:43 | INFO | Train dataset loaded: 533 rows
11:32:43 | INFO | Test dataset loaded: 134 rows
11:32:43 | INFO | Extracting 1 image ZIP(s) to /tmp/4475918/ag_tmp_fixed/autogluon_images_yh15ezci
11:36:20 | INFO | Extracted tma_cores_cd3_cd8.zip
11:36:20 | INFO | Inferred image columns: ['CD3_image_path', 'CD8_image_path']
11:36:20 | INFO | Placeholder image created: /tmp/4475918/ag_tmp_fixed/ag_placeholder_b61p1s66/placeholder_b8d231fb669247e5b313366c8c008085.png
11:36:20 | INFO | Filled 13 missing images with placeholder
11:36:21 | INFO | Filled 1 missing images with placeholder
11:36:21 | INFO | After cleanup → train: 533, test: 134
11:36:21 | INFO | External test set → created val split (20%)
11:36:21 | INFO | Final split distribution:
split
train    426
val      107
Name: count, dtype: int64
11:36:21 | INFO | Preprocessing complete — ready for AutoGluon training!
11:36:21 | INFO | Final split counts:
split
train    426
val      107
Name: count, dtype: int64
11:36:21 | INFO | Applying custom decision threshold 0.2400 for binary evaluation.
11:36:21 | INFO | AutoGluon config prepared: fit={'seed': 42, 'presets': 'medium_quality'}, hyperparameters keys=['env', 'model', 'model.timm_image.checkpoint_name', 'model.hf_text.checkpoint_name']
11:36:21 | INFO | Fitting AutoGluon with 426 train / 107 val rows (internal test rows: 0, external test provided: True)
No path specified. Models will be saved in: "AutogluonModels/ag-20251129_163621"
=================== System Info ===================
AutoGluon Version:  1.4.0
Python Version:     3.10.18
Operating System:   Linux
Platform Machine:   x86_64
Platform Version:   #1 SMP Tue Aug 12 13:09:16 EDT 2025
CPU Count:          12
Pytorch Version:    2.7.1+cu126
CUDA Version:       12.6
GPU Count:          1
Memory Avail:       685.57 GB / 1007.49 GB (68.0%)
Disk Space Avail:   7290.25 GB / 20480.00 GB (35.6%)
===================================================
AutoGluon infers your prediction problem is: 'binary' (because only two unique label-values observed).
	2 unique label values:  [np.int64(0), np.int64(1)]
	If 'binary' is not the correct problem_type, please manually specify the problem_type parameter during Predictor init (You may specify problem_type as one of: ['binary', 'multiclass', 'regression', 'quantile'])

AutoMM starts to create your model. ✨✨✨

To track the learning progress, you can open a terminal and launch Tensorboard:
    ```shell
    # Assume you have installed tensorboard
    tensorboard --logdir /share/lab_goecks/paulo/head_and_neck/Multimodal_learner_Use_case/experiments/multimodal_learner_tool/ML_dataset_v2/AutogluonModels/ag-20251129_163621
    ```

[rank: 0] Seed set to 42
/home/4475918/.conda/envs/autogluon_env/lib/python3.10/site-packages/transformers/tokenization_utils_base.py:1601: FutureWarning: `clean_up_tokenization_spaces` was not set. It will be set to `True` by default. This behavior will be depracted in transformers v4.45, and will be then set to `False` by default. For more details check this issue: https://github.com/huggingface/transformers/issues/31884
  warnings.warn(
11:36:24 | INFO | Loading pretrained weights from Hugging Face hub (timm/caformer_b36.sail_in22k_ft_in1k)
11:36:24 | INFO | [timm/caformer_b36.sail_in22k_ft_in1k] Safe alternative available for 'pytorch_model.bin' (as 'model.safetensors'). Loading weights using safetensors.
11:36:26 | INFO | Missing keys (head.fc.fc2.weight, head.fc.fc2.bias) discovered while loading pretrained weights. This is expected if model is being adapted.
GPU Count: 1
GPU Count to be Used: 1
GPU 0 Name: NVIDIA A30
GPU 0 Memory: 0.4GB/24.0GB (Used/Total)

Using 16bit Automatic Mixed Precision (AMP)
GPU available: True (cuda), used: True
TPU available: False, using: 0 TPU cores
HPU available: False, using: 0 HPUs
LOCAL_RANK: 0 - CUDA_VISIBLE_DEVICES: [0]
/home/4475918/.conda/envs/autogluon_env/lib/python3.10/site-packages/lightning/pytorch/utilities/model_summary/model_summary.py:231: Precision 16-mixed is not supported by the model summary.  Estimated model size in MB will not be accurate. Using 32 bits instead.

  | Name              | Type                | Params | Mode 
------------------------------------------------------------------
0 | model             | MultimodalFusionMLP | 207 M  | train
1 | validation_metric | BinaryAUROC         | 0      | train
2 | loss_func         | CrossEntropyLoss    | 0      | train
------------------------------------------------------------------
207 M     Trainable params
0         Non-trainable params
207 M     Total params
828.328   Total estimated model params size (MB)
1171      Modules in train mode
0         Modules in eval mode
SLURM auto-requeueing enabled. Setting signal handlers.
Epoch 0, global step 1: 'val_roc_auc' reached 0.47619 (best 0.47619), saving model to '/share/lab_goecks/paulo/head_and_neck/Multimodal_learner_Use_case/experiments/multimodal_learner_tool/ML_dataset_v2/AutogluonModels/ag-20251129_163621/epoch=0-step=1.ckpt' as top 3
Epoch 0, global step 4: 'val_roc_auc' reached 0.56677 (best 0.56677), saving model to '/share/lab_goecks/paulo/head_and_neck/Multimodal_learner_Use_case/experiments/multimodal_learner_tool/ML_dataset_v2/AutogluonModels/ag-20251129_163621/epoch=0-step=4.ckpt' as top 3
Epoch 1, global step 5: 'val_roc_auc' reached 0.37914 (best 0.56677), saving model to '/share/lab_goecks/paulo/head_and_neck/Multimodal_learner_Use_case/experiments/multimodal_learner_tool/ML_dataset_v2/AutogluonModels/ag-20251129_163621/epoch=1-step=5.ckpt' as top 3
Epoch 1, global step 8: 'val_roc_auc' reached 0.60223 (best 0.60223), saving model to '/share/lab_goecks/paulo/head_and_neck/Multimodal_learner_Use_case/experiments/multimodal_learner_tool/ML_dataset_v2/AutogluonModels/ag-20251129_163621/epoch=1-step=8.ckpt' as top 3
Epoch 2, global step 9: 'val_roc_auc' reached 0.61646 (best 0.61646), saving model to '/share/lab_goecks/paulo/head_and_neck/Multimodal_learner_Use_case/experiments/multimodal_learner_tool/ML_dataset_v2/AutogluonModels/ag-20251129_163621/epoch=2-step=9.ckpt' as top 3
Epoch 2, global step 12: 'val_roc_auc' reached 0.62112 (best 0.62112), saving model to '/share/lab_goecks/paulo/head_and_neck/Multimodal_learner_Use_case/experiments/multimodal_learner_tool/ML_dataset_v2/AutogluonModels/ag-20251129_163621/epoch=2-step=12.ckpt' as top 3
Epoch 3, global step 13: 'val_roc_auc' reached 0.63794 (best 0.63794), saving model to '/share/lab_goecks/paulo/head_and_neck/Multimodal_learner_Use_case/experiments/multimodal_learner_tool/ML_dataset_v2/AutogluonModels/ag-20251129_163621/epoch=3-step=13.ckpt' as top 3
Epoch 3, global step 16: 'val_roc_auc' reached 0.73499 (best 0.73499), saving model to '/share/lab_goecks/paulo/head_and_neck/Multimodal_learner_Use_case/experiments/multimodal_learner_tool/ML_dataset_v2/AutogluonModels/ag-20251129_163621/epoch=3-step=16.ckpt' as top 3
Epoch 4, global step 17: 'val_roc_auc' reached 0.72671 (best 0.73499), saving model to '/share/lab_goecks/paulo/head_and_neck/Multimodal_learner_Use_case/experiments/multimodal_learner_tool/ML_dataset_v2/AutogluonModels/ag-20251129_163621/epoch=4-step=17.ckpt' as top 3
Epoch 4, global step 20: 'val_roc_auc' reached 0.66330 (best 0.73499), saving model to '/share/lab_goecks/paulo/head_and_neck/Multimodal_learner_Use_case/experiments/multimodal_learner_tool/ML_dataset_v2/AutogluonModels/ag-20251129_163621/epoch=4-step=20.ckpt' as top 3
Epoch 5, global step 21: 'val_roc_auc' reached 0.77070 (best 0.77070), saving model to '/share/lab_goecks/paulo/head_and_neck/Multimodal_learner_Use_case/experiments/multimodal_learner_tool/ML_dataset_v2/AutogluonModels/ag-20251129_163621/epoch=5-step=21.ckpt' as top 3
Epoch 5, global step 24: 'val_roc_auc' reached 0.77795 (best 0.77795), saving model to '/share/lab_goecks/paulo/head_and_neck/Multimodal_learner_Use_case/experiments/multimodal_learner_tool/ML_dataset_v2/AutogluonModels/ag-20251129_163621/epoch=5-step=24.ckpt' as top 3
Epoch 6, global step 25: 'val_roc_auc' reached 0.78054 (best 0.78054), saving model to '/share/lab_goecks/paulo/head_and_neck/Multimodal_learner_Use_case/experiments/multimodal_learner_tool/ML_dataset_v2/AutogluonModels/ag-20251129_163621/epoch=6-step=25.ckpt' as top 3
Epoch 6, global step 28: 'val_roc_auc' reached 0.77174 (best 0.78054), saving model to '/share/lab_goecks/paulo/head_and_neck/Multimodal_learner_Use_case/experiments/multimodal_learner_tool/ML_dataset_v2/AutogluonModels/ag-20251129_163621/epoch=6-step=28.ckpt' as top 3
Epoch 7, global step 29: 'val_roc_auc' was not in top 3
Epoch 7, global step 32: 'val_roc_auc' reached 0.77847 (best 0.78054), saving model to '/share/lab_goecks/paulo/head_and_neck/Multimodal_learner_Use_case/experiments/multimodal_learner_tool/ML_dataset_v2/AutogluonModels/ag-20251129_163621/epoch=7-step=32.ckpt' as top 3
Epoch 8, global step 33: 'val_roc_auc' was not in top 3
Epoch 8, global step 36: 'val_roc_auc' was not in top 3
Epoch 9, global step 37: 'val_roc_auc' was not in top 3
Epoch 9, global step 40: 'val_roc_auc' was not in top 3
Epoch 10, global step 41: 'val_roc_auc' was not in top 3
Epoch 10, global step 44: 'val_roc_auc' was not in top 3
Epoch 11, global step 45: 'val_roc_auc' was not in top 3
Start to fuse 3 checkpoints via the greedy soup algorithm.
💡 Tip: For seamless cloud uploads and versioning, try installing [litmodels](https://pypi.org/project/litmodels/) to enable LitModelCheckpoint, which syncs automatically with the Lightning model registry.
SLURM auto-requeueing enabled. Setting signal handlers.
💡 Tip: For seamless cloud uploads and versioning, try installing [litmodels](https://pypi.org/project/litmodels/) to enable LitModelCheckpoint, which syncs automatically with the Lightning model registry.
SLURM auto-requeueing enabled. Setting signal handlers.
💡 Tip: For seamless cloud uploads and versioning, try installing [litmodels](https://pypi.org/project/litmodels/) to enable LitModelCheckpoint, which syncs automatically with the Lightning model registry.
SLURM auto-requeueing enabled. Setting signal handlers.
AutoMM has created your model. 🎉🎉🎉

To load the model, use the code below:
    ```python
    from autogluon.multimodal import MultiModalPredictor
    predictor = MultiModalPredictor.load("/share/lab_goecks/paulo/head_and_neck/Multimodal_learner_Use_case/experiments/multimodal_learner_tool/ML_dataset_v2/AutogluonModels/ag-20251129_163621")
    ```

If you are not satisfied with the model, try to increase the training time, 
adjust the hyperparameters (https://auto.gluon.ai/stable/tutorials/multimodal/advanced_topics/customization.html),
or post issues on GitHub (https://github.com/autogluon/autogluon/issues).


12:20:30 | INFO | AutoGluon training finished. Model path: /share/lab_goecks/paulo/head_and_neck/Multimodal_learner_Use_case/experiments/multimodal_learner_tool/ML_dataset_v2/AutogluonModels/ag-20251129_163621
💡 Tip: For seamless cloud uploads and versioning, try installing [litmodels](https://pypi.org/project/litmodels/) to enable LitModelCheckpoint, which syncs automatically with the Lightning model registry.
SLURM auto-requeueing enabled. Setting signal handlers.
💡 Tip: For seamless cloud uploads and versioning, try installing [litmodels](https://pypi.org/project/litmodels/) to enable LitModelCheckpoint, which syncs automatically with the Lightning model registry.
SLURM auto-requeueing enabled. Setting signal handlers.
💡 Tip: For seamless cloud uploads and versioning, try installing [litmodels](https://pypi.org/project/litmodels/) to enable LitModelCheckpoint, which syncs automatically with the Lightning model registry.
SLURM auto-requeueing enabled. Setting signal handlers.
💡 Tip: For seamless cloud uploads and versioning, try installing [litmodels](https://pypi.org/project/litmodels/) to enable LitModelCheckpoint, which syncs automatically with the Lightning model registry.
SLURM auto-requeueing enabled. Setting signal handlers.
💡 Tip: For seamless cloud uploads and versioning, try installing [litmodels](https://pypi.org/project/litmodels/) to enable LitModelCheckpoint, which syncs automatically with the Lightning model registry.
SLURM auto-requeueing enabled. Setting signal handlers.
💡 Tip: For seamless cloud uploads and versioning, try installing [litmodels](https://pypi.org/project/litmodels/) to enable LitModelCheckpoint, which syncs automatically with the Lightning model registry.
SLURM auto-requeueing enabled. Setting signal handlers.
💡 Tip: For seamless cloud uploads and versioning, try installing [litmodels](https://pypi.org/project/litmodels/) to enable LitModelCheckpoint, which syncs automatically with the Lightning model registry.
SLURM auto-requeueing enabled. Setting signal handlers.
💡 Tip: For seamless cloud uploads and versioning, try installing [litmodels](https://pypi.org/project/litmodels/) to enable LitModelCheckpoint, which syncs automatically with the Lightning model registry.
SLURM auto-requeueing enabled. Setting signal handlers.
12:29:07 | INFO | Here's the model summary:The model achieved score '0.774068295955658' on the validation metric 'roc_auc'. The total training time is 0:44:09.711818
12:29:07 | INFO | Evaluation complete; splits: ['Train', 'Validation', 'Test']
12:29:07 | INFO | Transparent metrics by split: {'Train': OrderedDict([('Accuracy', 0.7793427230046949), ('Precision', 0.0), ('Recall_(Sensitivity/TPR)', 0.0), ('F1-Score', 0.0), ('Specificity_(TNR)', 1.0), ('ROC-AUC', 0.7744488592668546), ('PR-AUC', 0.561965110307765), ('LogLoss', 0.4696266580486117), ('MCC', 0.0)]), 'Validation': OrderedDict([('Accuracy', 0.7850467289719626), ('Precision', 0.0), ('Recall_(Sensitivity/TPR)', 0.0), ('F1-Score', 0.0), ('Specificity_(TNR)', 1.0), ('ROC-AUC', 0.7805383022774327), ('PR-AUC', 0.5582464564534828), ('LogLoss', 0.4647240272851927), ('MCC', 0.0)]), 'Test': OrderedDict([('Accuracy', 0.7611940298507462), ('Precision', 0.5111111111111111), ('Recall_(Sensitivity/TPR)', 0.696969696969697), ('F1-Score', 0.5897435897435898), ('Specificity_(TNR)', 0.7821782178217822), ('ROC-AUC', 0.7593759375937594), ('PR-AUC', 0.6796354174580531), ('LogLoss', 0.49862337021661374), ('MCC', 0.4371052261836408)])}
12:29:07 | INFO | AutoGluon evaluate() by split: {'Train': {'roc_auc': 0.7744488592668547}, 'Validation': {'roc_auc': 0.7805383022774327}, 'Test': {'roc_auc': 0.7593759375937593}}
12:29:07 | INFO | Wrote full JSON → results.json
💡 Tip: For seamless cloud uploads and versioning, try installing [litmodels](https://pypi.org/project/litmodels/) to enable LitModelCheckpoint, which syncs automatically with the Lightning model registry.
SLURM auto-requeueing enabled. Setting signal handlers.
💡 Tip: For seamless cloud uploads and versioning, try installing [litmodels](https://pypi.org/project/litmodels/) to enable LitModelCheckpoint, which syncs automatically with the Lightning model registry.
SLURM auto-requeueing enabled. Setting signal handlers.
💡 Tip: For seamless cloud uploads and versioning, try installing [litmodels](https://pypi.org/project/litmodels/) to enable LitModelCheckpoint, which syncs automatically with the Lightning model registry.
SLURM auto-requeueing enabled. Setting signal handlers.
💡 Tip: For seamless cloud uploads and versioning, try installing [litmodels](https://pypi.org/project/litmodels/) to enable LitModelCheckpoint, which syncs automatically with the Lightning model registry.
SLURM auto-requeueing enabled. Setting signal handlers.
💡 Tip: For seamless cloud uploads and versioning, try installing [litmodels](https://pypi.org/project/litmodels/) to enable LitModelCheckpoint, which syncs automatically with the Lightning model registry.
SLURM auto-requeueing enabled. Setting signal handlers.
💡 Tip: For seamless cloud uploads and versioning, try installing [litmodels](https://pypi.org/project/litmodels/) to enable LitModelCheckpoint, which syncs automatically with the Lightning model registry.
SLURM auto-requeueing enabled. Setting signal handlers.
12:35:12 | INFO | Wrote HTML report → report.html
12:35:12 | INFO | Wrote predictor path → predictor_path.txt
12:35:12 | INFO | ✓ Output JSON results: results.json (2,056 bytes)
12:35:12 | INFO | ✓ Output HTML report: report.html (158,474 bytes)
/cm/local/apps/slurm/var/spool/job13634455/slurm_script: line 62: --output_json: command not found
